******************************************************************************
                  TI ARM Linker PC v20.2.2                     
******************************************************************************
>> Linked Fri Mar 19 14:37:19 2021

OUTPUT FILE NAME:   <Lab7EC.out>
ENTRY POINT SYMBOL: "_c_int00_noargs"  address: 000026b1


MEMORY CONFIGURATION

         name            origin    length      used     unused   attr    fill
----------------------  --------  ---------  --------  --------  ----  --------
  MAIN                  00000000   00040000  00002921  0003d6df  R  X
  INFO                  00200000   00004000  00000000  00004000  R  X
  SRAM_CODE             01000000   00010000  0000060a  0000f9f6  RW X
  SRAM_DATA             20000000   00010000  0000060a  0000f9f6  RW  


SEGMENT ALLOCATION MAP

run origin  load origin   length   init length attrs members
----------  ----------- ---------- ----------- ----- -------
00000000    00000000    00002928   00002928    r-x
  00000000    00000000    000000e4   000000e4    r-- .intvecs
  000000e4    000000e4    0000270c   0000270c    r-x .text
  000027f0    000027f0    00000101   00000101    r-- .const
  000028f8    000028f8    00000030   00000030    r-- .cinit
20000000    20000000    0000040a   00000000    rw-
  20000000    20000000    00000400   00000000    rw- .sysmem
  20000400    20000400    00000008   00000000    rw- .data
  20000408    20000408    00000002   00000000    rw- .bss
2000fe00    2000fe00    00000200   00000000    rw-
  2000fe00    2000fe00    00000200   00000000    rw- .stack


SECTION ALLOCATION MAP

 output                                  attributes/
section   page    origin      length       input sections
--------  ----  ----------  ----------   ----------------
.intvecs   0    00000000    000000e4     
                  00000000    000000e4     startup_msp432p401r_ccs.obj (.intvecs:retain)

.text      0    000000e4    0000270c     
                  000000e4    00000a4e     rtsv7M4_T_le_v4SPD16_eabi.lib : _printfi.c.obj (.text:__TI_printfi)
                  00000b32    00000002                                   : div0.asm.obj (.text)
                  00000b34    00000334     system_msp432p401r.obj (.text)
                  00000e68    00000270     rtsv7M4_T_le_v4SPD16_eabi.lib : _printfi.c.obj (.text:_pconv_a)
                  000010d8    000001f4     MyLCD.obj (.text)
                  000012cc    000001d0     rtsv7M4_T_le_v4SPD16_eabi.lib : _printfi.c.obj (.text:_pconv_g)
                  0000149c    000001b6                                   : fd_add_t2.asm.obj (.text)
                  00001652    00000002     --HOLE-- [fill = 0]
                  00001654    00000160     MyTimer.obj (.text)
                  000017b4    00000158     MySetup.obj (.text)
                  0000190c    0000013c     rtsv7M4_T_le_v4SPD16_eabi.lib : _printfi.c.obj (.text:_pconv_e)
                  00001a48    00000136                                   : fd_div_t2.asm.obj (.text)
                  00001b7e    00000002     --HOLE-- [fill = 0]
                  00001b80    00000124                                   : _printfi.c.obj (.text:fcvt)
                  00001ca4    00000110                                   : s_scalbn.c.obj (.text:scalbn)
                  00001db4    000000fc                                   : fd_mul_t2.asm.obj (.text)
                  00001eb0    000000d0     main.obj (.text)
                  00001f80    000000b1     rtsv7M4_T_le_v4SPD16_eabi.lib : _printfi.c.obj (.text:_ltostr)
                  00002031    00000001     --HOLE-- [fill = 0]
                  00002032    0000009c                                   : memcpy_t2.asm.obj (.text)
                  000020ce    00000096                                   : ull_div_t2.asm.obj (.text)
                  00002164    00000086                                   : fd_cmp_t2.asm.obj (.text:__aeabi_cdcmple)
                  000021ea    00000086                                   : fd_cmp_t2.asm.obj (.text:__aeabi_cdrcmple)
                  00002270    0000007a                                   : memset_t2.asm.obj (.text)
                  000022ea    0000006e                                   : _printfi.c.obj (.text:_mcpy)
                  00002358    00000068                                   : copy_decompress_lzss.c.obj (.text:decompress:lzss:__TI_decompress_lzss)
                  000023c0    00000064                                   : s_frexp.c.obj (.text:frexp)
                  00002424    00000056                                   : _printfi.c.obj (.text:_pconv_f)
                  0000247a    00000054                                   : _ltoa.c.obj (.text:__TI_ltoa)
                  000024ce    00000052                                   : _printfi.c.obj (.text:_ecpy)
                  00002520    0000004c                                   : atoi.c.obj (.text:atoi)
                  0000256c    00000048                                   : fd_toi_t2.asm.obj (.text)
                  000025b4    00000044                                   : autoinit.c.obj (.text:__TI_auto_init_nobinit_nopinit:__TI_auto_init_nobinit_nopinit)
                  000025f8    00000040                                   : sprintf.c.obj (.text:sprintf)
                  00002638    0000003e                                   : _printfi.c.obj (.text:_fcpy)
                  00002676    00000038                                   : fs_tod_t2.asm.obj (.text)
                  000026ae    00000002     --HOLE-- [fill = 0]
                  000026b0    00000034                                   : boot_cortex_m.c.obj (.text:_c_int00_noargs:_c_int00_noargs)
                  000026e4    0000002e                                   : i_tofd_t2.asm.obj (.text)
                  00002712    0000001c                                   : copy_zero_init.c.obj (.text:decompress:ZI:__TI_zero_init_nomemset:__TI_zero_init_nomemset)
                  0000272e    0000001c                                   : memccpy.c.obj (.text:memccpy)
                  0000274a    0000001a                                   : s_copysign.c.obj (.text:copysign)
                  00002764    00000018                                   : sprintf.c.obj (.text:_outs)
                  0000277c    00000016                                   : strchr.c.obj (.text:strchr)
                  00002792    00000014                                   : strlen.c.obj (.text:strlen)
                  000027a6    00000012                                   : wcslen.c.obj (.text:wcslen)
                  000027b8    0000000e                                   : copy_decompress_none.c.obj (.text:decompress:none:__TI_decompress_none)
                  000027c6    0000000e     startup_msp432p401r_ccs.obj (.text)
                  000027d4    0000000a     rtsv7M4_T_le_v4SPD16_eabi.lib : sprintf.c.obj (.text:_outc)
                  000027de    00000002     --HOLE-- [fill = 0]
                  000027e0    00000008                                   : errno.c.obj (.text:__aeabi_errno_addr)
                  000027e8    00000004                                   : pre_init.c.obj (.text:_system_pre_init)
                  000027ec    00000004                                   : exit.c.obj (.text:abort:abort)

.const     0    000027f0    00000101     
                  000027f0    00000101     rtsv7M4_T_le_v4SPD16_eabi.lib : ctype.c.obj (.const:.string:_ctypes_)

.cinit     0    000028f8    00000030     
                  000028f8    0000000c     (__TI_handler_table)
                  00002904    0000000b     (.cinit..data.load) [load image, compression = lzss]
                  0000290f    00000001     --HOLE-- [fill = 0]
                  00002910    00000008     (.cinit..bss.load) [load image, compression = zero_init]
                  00002918    00000010     (__TI_cinit_table)

.init_array 
*          0    00000000    00000000     UNINITIALIZED

.binit     0    00000000    00000000     

.sysmem    0    20000000    00000400     UNINITIALIZED
                  20000000    00000010     rtsv7M4_T_le_v4SPD16_eabi.lib : memory.c.obj (.sysmem)
                  20000010    000003f0     --HOLE--

.data      0    20000400    00000008     UNINITIALIZED
                  20000400    00000004     rtsv7M4_T_le_v4SPD16_eabi.lib : errno.c.obj (.data)
                  20000404    00000004     system_msp432p401r.obj (.data)

.bss       0    20000408    00000002     UNINITIALIZED
                  20000408    00000002     (.common:periodGlobal)

.stack     0    2000fe00    00000200     UNINITIALIZED
                  2000fe00    00000004     rtsv7M4_T_le_v4SPD16_eabi.lib : boot_cortex_m.c.obj (.stack)
                  2000fe04    000001fc     --HOLE--

__llvm_prf_cnts 
*          0    20000000    00000000     UNINITIALIZED

MODULE SUMMARY

       Module                        code   ro data   rw data
       ------                        ----   -------   -------
    .\
       system_msp432p401r.obj        820    0         8      
       MyLCD.obj                     500    0         0      
       MyTimer.obj                   352    0         4      
       MySetup.obj                   344    0         0      
       startup_msp432p401r_ccs.obj   14     228       0      
       main.obj                      208    0         0      
    +--+-----------------------------+------+---------+---------+
       Total:                        2238   228       12     
                                                             
    C:\ti\ccs1020\ccs\tools\compiler\ti-cgt-arm_20.2.2.LTS\lib\rtsv7M4_T_le_v4SPD16_eabi.lib
       _printfi.c.obj                4851   0         0      
       fd_add_t2.asm.obj             438    0         0      
       fd_div_t2.asm.obj             310    0         0      
       s_scalbn.c.obj                272    0         0      
       fd_cmp_t2.asm.obj             268    0         0      
       ctype.c.obj                   0      257       0      
       fd_mul_t2.asm.obj             252    0         0      
       memcpy_t2.asm.obj             156    0         0      
       ull_div_t2.asm.obj            150    0         0      
       memset_t2.asm.obj             122    0         0      
       copy_decompress_lzss.c.obj    104    0         0      
       s_frexp.c.obj                 100    0         0      
       sprintf.c.obj                 98     0         0      
       _ltoa.c.obj                   84     0         0      
       atoi.c.obj                    76     0         0      
       fd_toi_t2.asm.obj             72     0         0      
       autoinit.c.obj                68     0         0      
       fs_tod_t2.asm.obj             56     0         0      
       boot_cortex_m.c.obj           52     0         0      
       i_tofd_t2.asm.obj             46     0         0      
       copy_zero_init.c.obj          28     0         0      
       memccpy.c.obj                 28     0         0      
       s_copysign.c.obj              26     0         0      
       strchr.c.obj                  22     0         0      
       strlen.c.obj                  20     0         0      
       wcslen.c.obj                  18     0         0      
       errno.c.obj                   8      0         8      
       copy_decompress_none.c.obj    14     0         0      
       exit.c.obj                    4      0         0      
       pre_init.c.obj                4      0         0      
       div0.asm.obj                  2      0         0      
    +--+-----------------------------+------+---------+---------+
       Total:                        7749   257       8      
                                                             
       Heap:                         0      0         2048   
       Stack:                        0      0         1024   
       Linker Generated:             0      47        0      
    +--+-----------------------------+------+---------+---------+
       Grand Total:                  9987   532       3092   


LINKER GENERATED COPY TABLES

__TI_cinit_table @ 00002918 records: 2, size/record: 8, table size: 16
	.data: load addr=00002904, load size=0000000b bytes, run addr=20000400, run size=00000008 bytes, compression=lzss
	.bss: load addr=00002910, load size=00000008 bytes, run addr=20000408, run size=00000002 bytes, compression=zero_init


LINKER GENERATED HANDLER TABLE

__TI_handler_table @ 000028f8 records: 3, size/record: 4, table size: 12
	index: 0, handler: __TI_decompress_lzss
	index: 1, handler: __TI_decompress_none
	index: 2, handler: __TI_zero_init


GLOBAL SYMBOLS: SORTED ALPHABETICALLY BY Name 

address   name                          
-------   ----                          
000027d3  ADC14_IRQHandler              
000027d3  AES256_IRQHandler             
000027d3  BusFault_Handler              
000027ed  C$$EXIT                       
000027d3  COMP_E0_IRQHandler            
000027d3  COMP_E1_IRQHandler            
000027d3  CS_IRQHandler                 
000027d3  DMA_ERR_IRQHandler            
000027d3  DMA_INT0_IRQHandler           
000027d3  DMA_INT1_IRQHandler           
000027d3  DMA_INT2_IRQHandler           
000027d3  DMA_INT3_IRQHandler           
000027d3  DebugMon_Handler              
000027d3  Default_Handler               
000027d3  EUSCIA0_IRQHandler            
000027d3  EUSCIA1_IRQHandler            
000027d3  EUSCIA2_IRQHandler            
000027d3  EUSCIA3_IRQHandler            
000027d3  EUSCIB0_IRQHandler            
000027d3  EUSCIB1_IRQHandler            
000027d3  EUSCIB2_IRQHandler            
000027d3  EUSCIB3_IRQHandler            
000027d3  FLCTL_IRQHandler              
000027d3  FPU_IRQHandler                
000027d3  HardFault_Handler             
000010d9  LCD_init                      
000027d3  MemManage_Handler             
000027d3  NMI_Handler                   
000027d3  PCM_IRQHandler                
000027d3  PORT1_IRQHandler              
000027d3  PORT2_IRQHandler              
000027d3  PORT3_IRQHandler              
000027d3  PORT4_IRQHandler              
000027d3  PORT5_IRQHandler              
000027d3  PORT6_IRQHandler              
000027d3  PSS_IRQHandler                
000027d3  PendSV_Handler                
000011c9  PulseEnablePin                
000027d3  RTC_C_IRQHandler              
000027c7  Reset_Handler                 
000027d3  SVC_Handler                   
0000175d  SysTickDelay                  
00001741  SysTickInit                   
000027d3  SysTick_Handler               
20000404  SystemCoreClock               
00000b35  SystemCoreClockUpdate         
00000dad  SystemInit                    
000027d3  T32_INT1_IRQHandler           
000027d3  T32_INT2_IRQHandler           
000027d3  T32_INTC_IRQHandler           
000027d3  TA0_0_IRQHandler              
000027d3  TA0_N_IRQHandler              
000027d3  TA1_0_IRQHandler              
000027d3  TA1_N_IRQHandler              
000027d3  TA2_0_IRQHandler              
000027d3  TA2_N_IRQHandler              
000027d3  TA3_0_IRQHandler              
000027d3  TA3_N_IRQHandler              
00001655  TimerAInit                    
000016b1  TimerASetDutyCycle            
000016c5  TimerASetMotorSpeed           
00001693  TimerASetPeriod               
000016ef  TimerAStopMotor               
000027d3  UsageFault_Handler            
4000480c  WDTCTL_SYM                    
000027d3  WDT_A_IRQHandler              
20010000  __STACK_END                   
00000200  __STACK_SIZE                  
00000400  __SYSMEM_SIZE                 
00002918  __TI_CINIT_Base               
00002928  __TI_CINIT_Limit              
000028f8  __TI_Handler_Table_Base       
00002904  __TI_Handler_Table_Limit      
000025b5  __TI_auto_init_nobinit_nopinit
00002359  __TI_decompress_lzss          
000027b9  __TI_decompress_none          
0000247b  __TI_ltoa                     
ffffffff  __TI_pprof_out_hndl           
000000e5  __TI_printfi                  
ffffffff  __TI_prof_data_size           
ffffffff  __TI_prof_data_start          
00000000  __TI_static_base__            
00002713  __TI_zero_init_nomemset       
00002165  __aeabi_cdcmpeq               
00002165  __aeabi_cdcmple               
000021eb  __aeabi_cdrcmple              
0000256d  __aeabi_d2iz                  
000014a7  __aeabi_dadd                  
00001a49  __aeabi_ddiv                  
00001db5  __aeabi_dmul                  
0000149d  __aeabi_dsub                  
000027e1  __aeabi_errno_addr            
00002677  __aeabi_f2d                   
000026e5  __aeabi_i2d                   
00000b33  __aeabi_idiv0                 
00000b33  __aeabi_ldiv0                 
00002271  __aeabi_memclr                
00002271  __aeabi_memclr4               
00002271  __aeabi_memclr8               
00002033  __aeabi_memcpy                
00002033  __aeabi_memcpy4               
00002033  __aeabi_memcpy8               
00002273  __aeabi_memset                
00002273  __aeabi_memset4               
00002273  __aeabi_memset8               
000020cf  __aeabi_uldivmod              
ffffffff  __binit__                     
ffffffff  __c_args__                    
UNDEFED   __mpu_init                    
2000fe00  __stack                       
20000000  __start___llvm_prf_cnts       
20000000  __stop___llvm_prf_cnts        
000026b1  _c_int00_noargs               
000027f0  _ctypes_                      
20000000  _sys_memory                   
UNDEFED   _system_post_cinit            
000027e9  _system_pre_init              
000027ed  abort                         
00002521  atoi                          
ffffffff  binit                         
00001241  commandWrite                  
0000274b  copysign                      
0000274b  copysignl                     
00001261  dataWrite                     
20000400  errno                         
000023c1  frexp                         
000023c1  frexpl                        
00000000  interruptVectors              
00001ca5  ldexp                         
00001ca5  ldexpl                        
00001eb1  main                          
0000272f  memccpy                       
00002033  memcpy                        
00002279  memset                        
000016f7  microDelay                    
0000171b  msDelay                       
20000408  periodGlobal                  
00001221  pushByte                      
000011fd  pushNibble                    
00001ca5  scalbn                        
00001ca5  scalbnl                       
000017b5  setupIO                       
000025f9  sprintf                       
0000277d  strchr                        
00002793  strlen                        
000027a7  wcslen                        
00001281  writeLCD                      


GLOBAL SYMBOLS: SORTED BY Symbol Address 

address   name                          
-------   ----                          
00000000  __TI_static_base__            
00000000  interruptVectors              
000000e5  __TI_printfi                  
00000200  __STACK_SIZE                  
00000400  __SYSMEM_SIZE                 
00000b33  __aeabi_idiv0                 
00000b33  __aeabi_ldiv0                 
00000b35  SystemCoreClockUpdate         
00000dad  SystemInit                    
000010d9  LCD_init                      
000011c9  PulseEnablePin                
000011fd  pushNibble                    
00001221  pushByte                      
00001241  commandWrite                  
00001261  dataWrite                     
00001281  writeLCD                      
0000149d  __aeabi_dsub                  
000014a7  __aeabi_dadd                  
00001655  TimerAInit                    
00001693  TimerASetPeriod               
000016b1  TimerASetDutyCycle            
000016c5  TimerASetMotorSpeed           
000016ef  TimerAStopMotor               
000016f7  microDelay                    
0000171b  msDelay                       
00001741  SysTickInit                   
0000175d  SysTickDelay                  
000017b5  setupIO                       
00001a49  __aeabi_ddiv                  
00001ca5  ldexp                         
00001ca5  ldexpl                        
00001ca5  scalbn                        
00001ca5  scalbnl                       
00001db5  __aeabi_dmul                  
00001eb1  main                          
00002033  __aeabi_memcpy                
00002033  __aeabi_memcpy4               
00002033  __aeabi_memcpy8               
00002033  memcpy                        
000020cf  __aeabi_uldivmod              
00002165  __aeabi_cdcmpeq               
00002165  __aeabi_cdcmple               
000021eb  __aeabi_cdrcmple              
00002271  __aeabi_memclr                
00002271  __aeabi_memclr4               
00002271  __aeabi_memclr8               
00002273  __aeabi_memset                
00002273  __aeabi_memset4               
00002273  __aeabi_memset8               
00002279  memset                        
00002359  __TI_decompress_lzss          
000023c1  frexp                         
000023c1  frexpl                        
0000247b  __TI_ltoa                     
00002521  atoi                          
0000256d  __aeabi_d2iz                  
000025b5  __TI_auto_init_nobinit_nopinit
000025f9  sprintf                       
00002677  __aeabi_f2d                   
000026b1  _c_int00_noargs               
000026e5  __aeabi_i2d                   
00002713  __TI_zero_init_nomemset       
0000272f  memccpy                       
0000274b  copysign                      
0000274b  copysignl                     
0000277d  strchr                        
00002793  strlen                        
000027a7  wcslen                        
000027b9  __TI_decompress_none          
000027c7  Reset_Handler                 
000027d3  ADC14_IRQHandler              
000027d3  AES256_IRQHandler             
000027d3  BusFault_Handler              
000027d3  COMP_E0_IRQHandler            
000027d3  COMP_E1_IRQHandler            
000027d3  CS_IRQHandler                 
000027d3  DMA_ERR_IRQHandler            
000027d3  DMA_INT0_IRQHandler           
000027d3  DMA_INT1_IRQHandler           
000027d3  DMA_INT2_IRQHandler           
000027d3  DMA_INT3_IRQHandler           
000027d3  DebugMon_Handler              
000027d3  Default_Handler               
000027d3  EUSCIA0_IRQHandler            
000027d3  EUSCIA1_IRQHandler            
000027d3  EUSCIA2_IRQHandler            
000027d3  EUSCIA3_IRQHandler            
000027d3  EUSCIB0_IRQHandler            
000027d3  EUSCIB1_IRQHandler            
000027d3  EUSCIB2_IRQHandler            
000027d3  EUSCIB3_IRQHandler            
000027d3  FLCTL_IRQHandler              
000027d3  FPU_IRQHandler                
000027d3  HardFault_Handler             
000027d3  MemManage_Handler             
000027d3  NMI_Handler                   
000027d3  PCM_IRQHandler                
000027d3  PORT1_IRQHandler              
000027d3  PORT2_IRQHandler              
000027d3  PORT3_IRQHandler              
000027d3  PORT4_IRQHandler              
000027d3  PORT5_IRQHandler              
000027d3  PORT6_IRQHandler              
000027d3  PSS_IRQHandler                
000027d3  PendSV_Handler                
000027d3  RTC_C_IRQHandler              
000027d3  SVC_Handler                   
000027d3  SysTick_Handler               
000027d3  T32_INT1_IRQHandler           
000027d3  T32_INT2_IRQHandler           
000027d3  T32_INTC_IRQHandler           
000027d3  TA0_0_IRQHandler              
000027d3  TA0_N_IRQHandler              
000027d3  TA1_0_IRQHandler              
000027d3  TA1_N_IRQHandler              
000027d3  TA2_0_IRQHandler              
000027d3  TA2_N_IRQHandler              
000027d3  TA3_0_IRQHandler              
000027d3  TA3_N_IRQHandler              
000027d3  UsageFault_Handler            
000027d3  WDT_A_IRQHandler              
000027e1  __aeabi_errno_addr            
000027e9  _system_pre_init              
000027ed  C$$EXIT                       
000027ed  abort                         
000027f0  _ctypes_                      
000028f8  __TI_Handler_Table_Base       
00002904  __TI_Handler_Table_Limit      
00002918  __TI_CINIT_Base               
00002928  __TI_CINIT_Limit              
20000000  __start___llvm_prf_cnts       
20000000  __stop___llvm_prf_cnts        
20000000  _sys_memory                   
20000400  errno                         
20000404  SystemCoreClock               
20000408  periodGlobal                  
2000fe00  __stack                       
20010000  __STACK_END                   
4000480c  WDTCTL_SYM                    
ffffffff  __TI_pprof_out_hndl           
ffffffff  __TI_prof_data_size           
ffffffff  __TI_prof_data_start          
ffffffff  __binit__                     
ffffffff  __c_args__                    
ffffffff  binit                         
UNDEFED   __mpu_init                    
UNDEFED   _system_post_cinit            

[147 symbols]
